
> hamatoz@0.0.0 build
> ng build

[33m>[39m Building...
